// Jest Snapshot v1, https://goo.gl/fbAQLP

exports[`UserRow renders correctly 1`] = `
<View
  accessibilityComponentType={undefined}
  accessibilityLabel={undefined}
  accessibilityTraits={undefined}
  accessible={true}
  collapsable={undefined}
  hitSlop={undefined}
  isTVSelectable={true}
  nativeID={undefined}
  onLayout={undefined}
  onResponderGrant={[Function]}
  onResponderMove={[Function]}
  onResponderRelease={[Function]}
  onResponderTerminate={[Function]}
  onResponderTerminationRequest={[Function]}
  onStartShouldSetResponder={[Function]}
  style={
    Object {
      "opacity": 1,
    }
  }
  testID={undefined}
  tvParallaxProperties={undefined}
>
  <View
    style={
      Object {
        "alignItems": "center",
        "flex": 1,
        "flexDirection": "row",
        "justifyContent": "flex-start",
        "paddingHorizontal": 15,
        "paddingVertical": 10,
      }
    }
  >
    <Image
      source={
        Object {
          "uri": "some url",
        }
      }
      style={
        Object {
          "borderRadius": 50,
          "height": 100,
          "width": 100,
        }
      }
    />
    <View
      style={
        Object {
          "paddingLeft": 15,
        }
      }
    >
      <Text
        accessible={true}
        allowFontScaling={true}
        disabled={false}
        ellipsizeMode="tail"
      >
        big man
      </Text>
      <Text
        accessible={true}
        allowFontScaling={true}
        disabled={false}
        ellipsizeMode="tail"
      >
        some html url
      </Text>
    </View>
  </View>
</View>
`;
