// Jest Snapshot v1, https://goo.gl/fbAQLP

exports[`ListSeparator renders correctly 1`] = `
<View
  style={
    Object {
      "backgroundColor": "#f2f2f2",
      "flex": 1,
      "height": 1,
    }
  }
/>
`;
